
> gotocalc@0.1.0 build
> next build

Attention: Next.js now collects completely anonymous telemetry regarding usage.
This information is used to shape Next.js' roadmap and prioritize features.
You can learn more, including how to opt-out if you'd not like to participate in this anonymous program, by visiting the following URL:
https://nextjs.org/telemetry

▲ Next.js 16.1.6 (Turbopack)

  Creating an optimized production build ...
✓ Compiled successfully in 4.5s
  Running TypeScript ...
  Collecting page data using 1 worker ...
  Generating static pages using 1 worker (0/17) ...
  Generating static pages using 1 worker (4/17) 
  Generating static pages using 1 worker (8/17) 
  Generating static pages using 1 worker (12/17) 
✓ Generating static pages using 1 worker (17/17) in 357.2ms
  Finalizing page optimization ...

Route (app)
┌ ○ /
├ ○ /_not-found
├ ○ /age-calculator
├ ○ /education/cgpa-to-percentage-calculator
├ ○ /finance/gst-calculator
├ ○ /finance/income-tax-calculator-india
├ ○ /finance/mortgage-calculator
├ ○ /finance/price-per-weight-calculator
├ ○ /finance/sip-calculator
├ ○ /health/age-calculator
├ ○ /health/bmi-calculator
├ ○ /math/percentage-calculator
├ ○ /math/scientific-calculator
├ ○ /robots.txt
└ ○ /sitemap.xml


○  (Static)  prerendered as static content

